Microchip MPLAB XC8 Compiler V1.43 ()

Linker command line:

-W-3 --edf=C:\Program Files (x86)\Microchip\xc8\v1.43\dat\en_msgs.txt -cs \
  -h+dist/default/production\HomeIO_v0.13.0a.X.production.sym \
  --cmf=dist/default/production\HomeIO_v0.13.0a.X.production.cmf -z \
  -Q18F45K22 -oC:\Users\axel\AppData\Local\Temp\s7cg.2 \
  -Mdist/default/production/HomeIO_v0.13.0a.X.production.map -E1 -ver=XC8 \
  -ASTACK=0268h-05ffh -pstack=STACK -ACODE=00h-07FFFh -ACONST=00h-07FFFh \
  -ASMALLCONST=0600h-06FFhx122 -AMEDIUMCONST=0600h-07FFFh -ACOMRAM=01h-05Fh \
  -AABS1=00h-05FFh -ABIGRAM=01h-05FFh -ARAM=060h-0FFh,0100h-01FFhx5 \
  -ABANK0=060h-0FFh -ABANK1=0100h-01FFh -ABANK2=0200h-02FFh \
  -ABANK3=0300h-03FFh -ABANK4=0400h-04FFh -ABANK5=0500h-05FFh \
  -ASFR=0F38h-0F5Fh,0F60h-0FFFh \
  -preset_vec=00h,intcode=08h,intcodelo,powerup,init -pramtop=0600h \
  -psmallconst=SMALLCONST -pmediumconst=MEDIUMCONST -pconst=CONST \
  -AFARRAM=00h-00h -ACONFIG=0300000h-030000Dh -pconfig=CONFIG \
  -AIDLOC=0200000h-0200007h -pidloc=IDLOC -AEEDATA=0F00000h-0F000FFh \
  -peeprom_data=EEDATA \
  -prdata=COMRAM,nvrram=COMRAM,nvbit=COMRAM,rbss=COMRAM,rbit=COMRAM \
  -pfarbss=FARRAM,fardata=FARRAM,nvFARRAM=FARRAM \
  -pintsave_regs=BIGRAM,bigbss=BIGRAM,bigdata=BIGRAM -pbss=RAM \
  -pidata=CODE,irdata=CODE,ibigdata=CODE,ifardata=CODE -prparam=COMRAM \
  C:\Users\axel\AppData\Local\Temp\s7cg.obj \
  dist/default/production\HomeIO_v0.13.0a.X.production.obj 

Object code version is 3.11

Machine type is 18F45K22

Call graph: (short form)




                Name                               Link     Load   Length Selector   Space Scale
C:\Users\axel\AppData\Local\Temp\s7cg.obj
                init                                 D8       D8        4        4       0
                reset_vec                             0        0        4        0       0
                idloc                            200000   200000        8   200000       0
                config                           300000   300000        E   300000       0
dist/default/production\HomeIO_v0.13.0a.X.production.obj
                intcode                               8        8       D0        4       0
                temp                                 5F       5F        1        1       1
                mediumconst                        7EEE     7EEE      112     3F77       0
                text61                             2220     2220       2E        4       0
                text60                             2422     2422       10        4       0
                text59                             2446     2446        A        4       0
                text58                             1C70     1C70       7A        4       0
                text57                             246E     246E        2        4       0
                text56                             2314     2314       26        4       0
                text55                             2410     2410       12        4       0
                text54                             213C     213C       3C        4       0
                text53                             19B4     19B4       A2        4       0
                text52                             1910     1910       A4        4       0
                text51                             108A     108A      1EC        4       0
                text50                             246C     246C        2        4       0
                text49                             233A     233A       22        4       0
                text48                             1AF0     1AF0       84        4       0
                text47                             22EE     22EE       26        4       0
                text46                             1DD0     1DD0       70        4       0
                text45                             21B2     21B2       3A        4       0
                text44                             1E40     1E40       6E        4       0
                text43                              C40      C40      22A        4       0
                text42                             23FE     23FE       12        4       0
                text41                             1FDA     1FDA       56        4       0
                text40                             1798     1798       CC        4       0
                text39                             1864     1864       AC        4       0
                text38                             20BE     20BE       42        4       0
                text37                             1F18     1F18       64        4       0
                text36                              E6A      E6A      220        4       0
                text35                             1BF2     1BF2       7E        4       0
                text34                             224E     224E       2C        4       0
                text33                             23EC     23EC       12        4       0
                text32                             16A4     16A4       F4        4       0
                text31                             1B74     1B74       7E        4       0
                text30                             237A     237A       1E        4       0
                text29                             227A     227A       28        4       0
                text28                             235C     235C       1E        4       0
                text27                             22C8     22C8       26        4       0
                text26                             23C6     23C6       14        4       0
                text25                             1276     1276      1A2        4       0
                text24                             2178     2178       3A        4       0
                text23                             1D5E     1D5E       72        4       0
                text22                              7AE      7AE      492        4       0
                text20                             1CEA     1CEA       74        4       0
                text19                             2456     2456        6        4       0
                text18                             21EC     21EC       34        4       0
                text17                             2468     2468        4        4       0
                text16                             23DA     23DA       12        4       0
                text15                             2078     2078       46        4       0
                text14                             243C     243C        A        4       0
                text13                             2464     2464        4        4       0
                text12                             2030     2030       48        4       0
                text11                             2432     2432        A        4       0
                text10                             2460     2460        4        4       0
                text9                              22A2     22A2       26        4       0
                text8                              2398     2398       1A        4       0
                text7                              245C     245C        4        4       0
                text6                              1418     1418      14A        4       0
                text5                              2100     2100       3C        4       0
                text4                              1A56     1A56       9A        4       0
                text3                                DC       DC      6D2        4       0
                text2                              1EAE     1EAE       6A        4       0
                text1                              23B2     23B2       14        4       0
                text0                              1562     1562      142        4       0
                cstackCOMRAM                          1        1       4E        1       1
                cstackBANK0                          60       60       53       60       1
                cstackBANK1                         1CC      1CC       28      100       1
                bssBANK2                            200      200       68      200       1
                bssBANK1                            100      100       CC      100       1
                dataBANK0                            F5       F5        6       60       1
                bssBANK0                             B3       B3       42       60       1
                bssCOMRAM                            4F       4F       10        1       1
                cinit                              1F7C     1F7C       5E        4       0
                idataBANK0                         2450     2450        6        4       0

TOTAL           Name                               Link     Load   Length     Space
        CLASS   STACK          

        CLASS   CODE           
                intcode                               8        8       D0         0
                init                                 D8       D8        4         0
                reset_vec                             0        0        4         0
                text61                             2220     2220       2E         0
                text60                             2422     2422       10         0
                text59                             2446     2446        A         0
                text58                             1C70     1C70       7A         0
                text57                             246E     246E        2         0
                text56                             2314     2314       26         0
                text55                             2410     2410       12         0
                text54                             213C     213C       3C         0
                text53                             19B4     19B4       A2         0
                text52                             1910     1910       A4         0
                text51                             108A     108A      1EC         0
                text50                             246C     246C        2         0
                text49                             233A     233A       22         0
                text48                             1AF0     1AF0       84         0
                text47                             22EE     22EE       26         0
                text46                             1DD0     1DD0       70         0
                text45                             21B2     21B2       3A         0
                text44                             1E40     1E40       6E         0
                text43                              C40      C40      22A         0
                text42                             23FE     23FE       12         0
                text41                             1FDA     1FDA       56         0
                text40                             1798     1798       CC         0
                text39                             1864     1864       AC         0
                text38                             20BE     20BE       42         0
                text37                             1F18     1F18       64         0
                text36                              E6A      E6A      220         0
                text35                             1BF2     1BF2       7E         0
                text34                             224E     224E       2C         0
                text33                             23EC     23EC       12         0
                text32                             16A4     16A4       F4         0
                text31                             1B74     1B74       7E         0
                text30                             237A     237A       1E         0
                text29                             227A     227A       28         0
                text28                             235C     235C       1E         0
                text27                             22C8     22C8       26         0
                text26                             23C6     23C6       14         0
                text25                             1276     1276      1A2         0
                text24                             2178     2178       3A         0
                text23                             1D5E     1D5E       72         0
                text22                              7AE      7AE      492         0
                text20                             1CEA     1CEA       74         0
                text19                             2456     2456        6         0
                text18                             21EC     21EC       34         0
                text17                             2468     2468        4         0
                text16                             23DA     23DA       12         0
                text15                             2078     2078       46         0
                text14                             243C     243C        A         0
                text13                             2464     2464        4         0
                text12                             2030     2030       48         0
                text11                             2432     2432        A         0
                text10                             2460     2460        4         0
                text9                              22A2     22A2       26         0
                text8                              2398     2398       1A         0
                text7                              245C     245C        4         0
                text6                              1418     1418      14A         0
                text5                              2100     2100       3C         0
                text4                              1A56     1A56       9A         0
                text3                                DC       DC      6D2         0
                text2                              1EAE     1EAE       6A         0
                text1                              23B2     23B2       14         0
                text0                              1562     1562      142         0
                cinit                              1F7C     1F7C       5E         0
                idataBANK0                         2450     2450        6         0

        CLASS   CONST          

        CLASS   SMALLCONST     

        CLASS   MEDIUMCONST    
                mediumconst                        7EEE     7EEE      112         0

        CLASS   COMRAM         
                temp                                 5F       5F        1         1
                cstackCOMRAM                          1        1       4E         1
                bssCOMRAM                            4F       4F       10         1

        CLASS   ABS1           

        CLASS   BIGRAM         

        CLASS   RAM            

        CLASS   BANK0          
                cstackBANK0                          60       60       53         1
                dataBANK0                            F5       F5        6         1
                bssBANK0                             B3       B3       42         1

        CLASS   BANK1          
                cstackBANK1                         1CC      1CC       28         1
                bssBANK1                            100      100       CC         1

        CLASS   BANK2          
                bssBANK2                            200      200       68         1

        CLASS   BANK3          

        CLASS   BANK4          

        CLASS   BANK5          

        CLASS   SFR            

        CLASS   FARRAM         

        CLASS   CONFIG         
                config                           300000   300000        E         0

        CLASS   IDLOC          
                idloc                            200000   200000        8         0

        CLASS   EEDATA         



SEGMENTS        Name                           Load    Length   Top    Selector   Space  Class

                reset_vec                      000000  000004  000004         0       0  CODE    
                cstackCOMRAM                   000001  00005F  000060         1       1  COMRAM  
                intcode                        000008  002468  002470         4       0  CODE    
                cstackBANK0                    000060  00009B  0000FB        60       1  BANK0   
                bssBANK1                       000100  0000F4  0001F4       100       1  BANK1   
                bssBANK2                       000200  000068  000268       200       1  BANK2   
                mediumconst                    007EEE  000112  008000      3F77       0  MEDIUMCO
                idloc                          200000  000008  200008    200000       0  IDLOC   
                config                         300000  00000E  30000E    300000       0  CONFIG  


UNUSED ADDRESS RANGES

        Name                Unused          Largest block    Delta
        BANK0            0000FB-0000FF                5
        BANK1            0001F4-0001FF                C
        BANK2            000268-0002FF               98
        BANK3            000300-0003FF              100
        BANK4            000400-0004FF              100
        BANK5            000500-0005FF              100
        BIGRAM           0000FB-0000FF                5
                         0001F4-0001FF                C
                         000268-0005FF              398
        CODE             000004-000007                4
                         002470-007EED             5A7E
        CONST            000004-000007                4
                         002470-007EED             5A7E
        EEDATA           F00000-F000FF              100
        MEDIUMCONST      002470-007EED             5A7E
        RAM              0000FB-0000FF                5
                         0001F4-0001FF                C
                         000268-0005FF              100
        SFR              000F38-000FFF               28
        SMALLCONST       002470-007EED              100
        STACK            000268-0005FF              398

                                  Symbol Table

?___aldiv                                 cstackCOMRAM 000001
?___almod                                 cstackCOMRAM 000001
?___awdiv                                 cstackCOMRAM 000001
?___awmod                                 cstackCOMRAM 000001
?___lmul                                  cstackCOMRAM 000001
?___lwmod                                 cstackCOMRAM 000001
?___wmul                                  cstackCOMRAM 000001
?_asctime                                 cstackCOMRAM 000022
?_dylen                                   cstackCOMRAM 000006
?_getTimeStemp                            cstackCOMRAM 000001
?_gmtime                                  cstackCOMRAM 00000F
?_localtime                               cstackCOMRAM 000018
?_sprintf                                 cstackCOMRAM 000029
?_strncmp                                 cstackCOMRAM 000001
?_strtol                                  cstackCOMRAM 00000D
EUSART2_Write@txData                      cstackBANK1  0001CC
TMR0_SetInterruptHandler@InterruptHandler cstackBANK1  0001CC
TMR2_SetInterruptHandler@InterruptHandler cstackBANK1  0001CC
_ANSELA                                   (abs)        000F38
_ANSELB                                   (abs)        000F39
_ANSELC                                   (abs)        000F3A
_ANSELD                                   (abs)        000F3B
_ANSELE                                   (abs)        000F3C
_BAUDCON2                                 (abs)        000F70
_BAUDCON2bits                             (abs)        000F70
_EUSART2_Initialize                       text18       0021EC
_EUSART2_Transmit_ISR                     text61       002220
_EUSART2_Write                            text5        002100
_INTCON2bits                              (abs)        000FF1
_INTCONbits                               (abs)        000FF2
_INTERRUPT_Initialize                     text17       002468
_INTERRUPT_InterruptManager               intcode      000008
_IN_ChanelAktivated                       bssBANK1     000156
_IN_ChanelCyclesCounterDown               bssBANK1     00015E
_IN_ChanelCyclesCounterUp                 bssBANK1     000166
_IN_ChanelOutputBuffer                    bssBANK0     0000B3
_IN_PulsCounter                           bssCOMRAM    000059
_IPR1bits                                 (abs)        000F9F
_IPR3bits                                 (abs)        000FA5
_InitApp                                  text19       002456
_InitPort                                 text20       001CEA
_LATA                                     (abs)        000F89
_LATB                                     (abs)        000F8A
_LATC                                     (abs)        000F8B
_LATD                                     (abs)        000F8C
_LATE                                     (abs)        000F8D
_LATEbits                                 (abs)        000F8D
_OSCCON                                   (abs)        000FD3
_OSCCON2                                  (abs)        000FD2
_OSCCONbits                               (abs)        000FD3
_OSCILLATOR_Initialize                    text16       0023DA
_OSCTUNE                                  (abs)        000F9B
_PIE1bits                                 (abs)        000F9D
_PIE3bits                                 (abs)        000FA3
_PIN_MANAGER_Initialize                   text15       002078
_PIR1                                     (abs)        000F9E
_PIR1bits                                 (abs)        000F9E
_PIR2                                     (abs)        000FA1
_PIR3                                     (abs)        000FA4
_PIR3bits                                 (abs)        000FA4
_PLLRDY                                   (abs)        007E97
_PORTA                                    (abs)        000F80
_PORTAbits                                (abs)        000F80
_PORTB                                    (abs)        000F81
_PORTBbits                                (abs)        000F81
_PORTC                                    (abs)        000F82
_PORTCbits                                (abs)        000F82
_PORTD                                    (abs)        000F83
_PORTDbits                                (abs)        000F83
_PORTE                                    (abs)        000F84
_PORTEbits                                (abs)        000F84
_PR2                                      (abs)        000FBB
_RCONbits                                 (abs)        000FD0
_RCREG1                                   (abs)        000FAE
_RCREG2                                   (abs)        000F74
_RCSTA2                                   (abs)        000F71
_RCSTA2bits                               (abs)        000F71
_SPBRG2                                   (abs)        000F75
_SPBRGH2                                  (abs)        000F76
_SYSTEM_Initialize                        text8        002398
_T0CON                                    (abs)        000FD5
_T0CONbits                                (abs)        000FD5
_T2CON                                    (abs)        000FBA
_T2CONbits                                (abs)        000FBA
_TMR0H                                    (abs)        000FD7
_TMR0L                                    (abs)        000FD6
_TMR0_CallBack                            text56       002314
_TMR0_DefaultInterruptHandler             text57       00246E
_TMR0_ISR                                 text55       002410
_TMR0_Initialize                          text12       002030
_TMR0_InterruptHandler                    bssBANK1     000170
_TMR0_SetInterruptHandler                 text14       00243C
_TMR0_StartTimer                          text13       002464
_TMR2                                     (abs)        000FBC
_TMR2_DefaultInterruptHandler             text50       00246C
_TMR2_ISR                                 text49       00233A
_TMR2_Initialize                          text9        0022A2
_TMR2_InterruptHandler                    bssCOMRAM    00004F
_TMR2_SetInterruptHandler                 text11       002432
_TMR2_StartTimer                          text10       002460
_TRISA                                    (abs)        000F92
_TRISAbits                                (abs)        000F92
_TRISB                                    (abs)        000F93
_TRISC                                    (abs)        000F94
_TRISCbits                                (abs)        000F94
_TRISD                                    (abs)        000F95
_TRISDbits                                (abs)        000F95
_TRISE                                    (abs)        000F96
_TRISEbits                                (abs)        000F96
_TXREG2                                   (abs)        000F73
_TXSTA2                                   (abs)        000F72
_TXSTA2bits                               (abs)        000F72
_WNOP                                     text7        00245C
_WPUB                                     (abs)        000F61
__CFG_BOREN$SBORDIS                       (abs)        000000
__CFG_BORV$190                            (abs)        000000
__CFG_CCP2MX$PORTC1                       (abs)        000000
__CFG_CCP3MX$PORTB5                       (abs)        000000
__CFG_CP0$OFF                             (abs)        000000
__CFG_CP1$OFF                             (abs)        000000
__CFG_CP2$OFF                             (abs)        000000
__CFG_CP3$OFF                             (abs)        000000
__CFG_CPB$OFF                             (abs)        000000
__CFG_CPD$OFF                             (abs)        000000
__CFG_DEBUG$OFF                           (abs)        000000
__CFG_EBTR0$OFF                           (abs)        000000
__CFG_EBTR1$OFF                           (abs)        000000
__CFG_EBTR2$OFF                           (abs)        000000
__CFG_EBTR3$OFF                           (abs)        000000
__CFG_EBTRB$OFF                           (abs)        000000
__CFG_FCMEN$OFF                           (abs)        000000
__CFG_FOSC$HSHP                           (abs)        000000
__CFG_HFOFST$ON                           (abs)        000000
__CFG_IESO$OFF                            (abs)        000000
__CFG_LVP$ON                              (abs)        000000
__CFG_MCLRE$EXTMCLR                       (abs)        000000
__CFG_P2BMX$PORTD2                        (abs)        000000
__CFG_PBADEN$ON                           (abs)        000000
__CFG_PLLCFG$OFF                          (abs)        000000
__CFG_PRICLKEN$ON                         (abs)        000000
__CFG_PWRTEN$OFF                          (abs)        000000
__CFG_STVREN$ON                           (abs)        000000
__CFG_T3CMX$PORTC0                        (abs)        000000
__CFG_WDTEN$OFF                           (abs)        000000
__CFG_WDTPS$32768                         (abs)        000000
__CFG_WRT0$OFF                            (abs)        000000
__CFG_WRT1$OFF                            (abs)        000000
__CFG_WRT2$OFF                            (abs)        000000
__CFG_WRT3$OFF                            (abs)        000000
__CFG_WRTB$OFF                            (abs)        000000
__CFG_WRTC$OFF                            (abs)        000000
__CFG_WRTD$OFF                            (abs)        000000
__CFG_XINST$OFF                           (abs)        000000
__HRAM                                    (abs)        000000
__Habs1                                   abs1         000000
__Hbank0                                  bank0        000000
__Hbank1                                  bank1        000000
__Hbank2                                  bank2        000000
__Hbank3                                  bank3        000000
__Hbank4                                  bank4        000000
__Hbank5                                  bank5        000000
__Hbigbss                                 bigbss       000000
__Hbigdata                                bigdata      000000
__Hbigram                                 bigram       000000
__Hbss                                    bss          000000
__HbssBANK0                               bssBANK0     000000
__HbssBANK1                               bssBANK1     000000
__HbssBANK2                               bssBANK2     000000
__HbssCOMRAM                              bssCOMRAM    000000
__Hcinit                                  cinit        000000
__Hclrtext                                clrtext      000000
__Hcomram                                 comram       000000
__Hconfig                                 config       30000E
__Hconst                                  const        000000
__HcstackBANK0                            cstackBANK0  000000
__HcstackBANK1                            cstackBANK1  000000
__HcstackCOMRAM                           cstackCOMRAM 000000
__Hdata                                   data         000000
__HdataBANK0                              dataBANK0    000000
__Heeprom_data                            eeprom_data  000000
__Hfarbss                                 farbss       000000
__Hfardata                                fardata      000000
__Hibigdata                               ibigdata     000000
__Hidata                                  idata        000000
__HidataBANK0                             idataBANK0   000000
__Hidloc                                  idloc        200008
__Hifardata                               ifardata     000000
__Hinit                                   init         0000DC
__Hintcode                                intcode      0000D8
__Hintcode_body                           intcode_body 000000
__Hintcodelo                              intcodelo    0000D8
__Hintentry                               intentry     000000
__Hintret                                 intret       000000
__Hintsave_regs                           intsave_regs 000000
__Hirdata                                 irdata       000000
__Hmediumconst                            mediumconst  008000
__HnvFARRAM                               nvFARRAM     000000
__Hnvbit                                  nvbit        000000
__Hnvrram                                 nvrram       000000
__Hparam                                  rparam       000000
__Hpowerup                                powerup      0000D8
__Hram                                    ram          000000
__Hramtop                                 ramtop       000600
__Hrbit                                   rbit         000000
__Hrbss                                   rbss         000000
__Hrdata                                  rdata        000000
__Hreset_vec                              reset_vec    000004
__Hrparam                                 rparam       000000
__Hsfr                                    sfr          000000
__Hsmallconst                             smallconst   000000
__Hspace_0                                (abs)        30000E
__Hspace_1                                (abs)        000268
__Hspace_2                                (abs)        000000
__Hstack                                  stack        000000
__Hstruct                                 struct       000000
__Htemp                                   temp         000060
__Htext                                   text         000000
__Htext0                                  text0        000000
__Htext1                                  text1        000000
__Htext10                                 text10       000000
__Htext11                                 text11       000000
__Htext12                                 text12       000000
__Htext13                                 text13       000000
__Htext14                                 text14       000000
__Htext15                                 text15       000000
__Htext16                                 text16       000000
__Htext17                                 text17       000000
__Htext18                                 text18       000000
__Htext19                                 text19       000000
__Htext2                                  text2        000000
__Htext20                                 text20       000000
__Htext22                                 text22       000000
__Htext23                                 text23       000000
__Htext24                                 text24       000000
__Htext25                                 text25       000000
__Htext26                                 text26       000000
__Htext27                                 text27       000000
__Htext28                                 text28       000000
__Htext29                                 text29       000000
__Htext3                                  text3        000000
__Htext30                                 text30       000000
__Htext31                                 text31       000000
__Htext32                                 text32       000000
__Htext33                                 text33       000000
__Htext34                                 text34       000000
__Htext35                                 text35       000000
__Htext36                                 text36       000000
__Htext37                                 text37       000000
__Htext38                                 text38       000000
__Htext39                                 text39       000000
__Htext4                                  text4        000000
__Htext40                                 text40       000000
__Htext41                                 text41       000000
__Htext42                                 text42       000000
__Htext43                                 text43       000000
__Htext44                                 text44       000000
__Htext45                                 text45       000000
__Htext46                                 text46       000000
__Htext47                                 text47       000000
__Htext48                                 text48       000000
__Htext49                                 text49       000000
__Htext5                                  text5        000000
__Htext50                                 text50       000000
__Htext51                                 text51       000000
__Htext52                                 text52       000000
__Htext53                                 text53       000000
__Htext54                                 text54       000000
__Htext55                                 text55       000000
__Htext56                                 text56       000000
__Htext57                                 text57       000000
__Htext58                                 text58       000000
__Htext59                                 text59       000000
__Htext6                                  text6        000000
__Htext60                                 text60       000000
__Htext61                                 text61       000000
__Htext62                                 text62       000000
__Htext7                                  text7        000000
__Htext8                                  text8        000000
__Htext9                                  text9        000000
__LRAM                                    (abs)        000001
__Labs1                                   abs1         000000
__Lbank0                                  bank0        000000
__Lbank1                                  bank1        000000
__Lbank2                                  bank2        000000
__Lbank3                                  bank3        000000
__Lbank4                                  bank4        000000
__Lbank5                                  bank5        000000
__Lbigbss                                 bigbss       000000
__Lbigdata                                bigdata      000000
__Lbigram                                 bigram       000000
__Lbss                                    bss          000000
__LbssBANK0                               bssBANK0     000000
__LbssBANK1                               bssBANK1     000000
__LbssBANK2                               bssBANK2     000000
__LbssCOMRAM                              bssCOMRAM    000000
__Lcinit                                  cinit        000000
__Lclrtext                                clrtext      000000
__Lcomram                                 comram       000000
__Lconfig                                 config       300000
__Lconst                                  const        000000
__LcstackBANK0                            cstackBANK0  000000
__LcstackBANK1                            cstackBANK1  000000
__LcstackCOMRAM                           cstackCOMRAM 000000
__Ldata                                   data         000000
__LdataBANK0                              dataBANK0    000000
__Leeprom_data                            eeprom_data  000000
__Lfarbss                                 farbss       000000
__Lfardata                                fardata      000000
__Libigdata                               ibigdata     000000
__Lidata                                  idata        000000
__LidataBANK0                             idataBANK0   000000
__Lidloc                                  idloc        200000
__Lifardata                               ifardata     000000
__Linit                                   init         0000D8
__Lintcode                                intcode      000008
__Lintcode_body                           intcode_body 000000
__Lintcodelo                              intcodelo    0000D8
__Lintentry                               intentry     000000
__Lintret                                 intret       000000
__Lintsave_regs                           intsave_regs 000000
__Lirdata                                 irdata       000000
__Lmediumconst                            mediumconst  007EEE
__LnvFARRAM                               nvFARRAM     000000
__Lnvbit                                  nvbit        000000
__Lnvrram                                 nvrram       000000
__Lparam                                  rparam       000000
__Lpowerup                                powerup      0000D8
__Lram                                    ram          000000
__Lramtop                                 ramtop       000600
__Lrbit                                   rbit         000000
__Lrbss                                   rbss         000000
__Lrdata                                  rdata        000000
__Lreset_vec                              reset_vec    000000
__Lrparam                                 rparam       000000
__Lsfr                                    sfr          000000
__Lsmallconst                             smallconst   000000
__Lspace_0                                (abs)        000000
__Lspace_1                                (abs)        000000
__Lspace_2                                (abs)        000000
__Lstack                                  stack        000000
__Lstruct                                 struct       000000
__Ltemp                                   temp         00005F
__Ltext                                   text         000000
__Ltext0                                  text0        000000
__Ltext1                                  text1        000000
__Ltext10                                 text10       000000
__Ltext11                                 text11       000000
__Ltext12                                 text12       000000
__Ltext13                                 text13       000000
__Ltext14                                 text14       000000
__Ltext15                                 text15       000000
__Ltext16                                 text16       000000
__Ltext17                                 text17       000000
__Ltext18                                 text18       000000
__Ltext19                                 text19       000000
__Ltext2                                  text2        000000
__Ltext20                                 text20       000000
__Ltext22                                 text22       000000
__Ltext23                                 text23       000000
__Ltext24                                 text24       000000
__Ltext25                                 text25       000000
__Ltext26                                 text26       000000
__Ltext27                                 text27       000000
__Ltext28                                 text28       000000
__Ltext29                                 text29       000000
__Ltext3                                  text3        000000
__Ltext30                                 text30       000000
__Ltext31                                 text31       000000
__Ltext32                                 text32       000000
__Ltext33                                 text33       000000
__Ltext34                                 text34       000000
__Ltext35                                 text35       000000
__Ltext36                                 text36       000000
__Ltext37                                 text37       000000
__Ltext38                                 text38       000000
__Ltext39                                 text39       000000
__Ltext4                                  text4        000000
__Ltext40                                 text40       000000
__Ltext41                                 text41       000000
__Ltext42                                 text42       000000
__Ltext43                                 text43       000000
__Ltext44                                 text44       000000
__Ltext45                                 text45       000000
__Ltext46                                 text46       000000
__Ltext47                                 text47       000000
__Ltext48                                 text48       000000
__Ltext49                                 text49       000000
__Ltext5                                  text5        000000
__Ltext50                                 text50       000000
__Ltext51                                 text51       000000
__Ltext52                                 text52       000000
__Ltext53                                 text53       000000
__Ltext54                                 text54       000000
__Ltext55                                 text55       000000
__Ltext56                                 text56       000000
__Ltext57                                 text57       000000
__Ltext58                                 text58       000000
__Ltext59                                 text59       000000
__Ltext6                                  text6        000000
__Ltext60                                 text60       000000
__Ltext61                                 text61       000000
__Ltext62                                 text62       000000
__Ltext7                                  text7        000000
__Ltext8                                  text8        000000
__Ltext9                                  text9        000000
__S0                                      (abs)        30000E
__S1                                      (abs)        000268
__S2                                      (abs)        000000
___aldiv                                  text40       001798
___aldiv@counter                          cstackCOMRAM 000009
___aldiv@dividend                         cstackCOMRAM 000001
___aldiv@divisor                          cstackCOMRAM 000005
___aldiv@quotient                         cstackCOMRAM 00000B
___aldiv@sign                             cstackCOMRAM 00000A
___almod                                  text39       001864
___almod@counter                          cstackCOMRAM 000009
___almod@dividend                         cstackCOMRAM 000001
___almod@divisor                          cstackCOMRAM 000005
___almod@sign                             cstackCOMRAM 00000A
___awdiv                                  text48       001AF0
___awdiv@counter                          cstackCOMRAM 000005
___awdiv@dividend                         cstackCOMRAM 000001
___awdiv@divisor                          cstackCOMRAM 000003
___awdiv@quotient                         cstackCOMRAM 000007
___awdiv@sign                             cstackCOMRAM 000006
___awmod                                  text46       001DD0
___awmod@counter                          cstackCOMRAM 000005
___awmod@dividend                         cstackCOMRAM 000001
___awmod@divisor                          cstackCOMRAM 000003
___awmod@sign                             cstackCOMRAM 000006
___inthi_sp                               stack        000000
___intlo_sp                               stack        000000
___lbdiv                                  text45       0021B2
___lbdiv@counter                          cstackCOMRAM 000003
___lbdiv@dividend                         cstackCOMRAM 000002
___lbdiv@divisor                          cstackCOMRAM 000001
___lbdiv@quotient                         cstackCOMRAM 000004
___lmul                                   text41       001FDA
___lmul@multiplicand                      cstackCOMRAM 000005
___lmul@multiplier                        cstackCOMRAM 000001
___lmul@product                           cstackCOMRAM 000009
___lwmod                                  text38       0020BE
___lwmod@counter                          cstackCOMRAM 000005
___lwmod@dividend                         cstackCOMRAM 000001
___lwmod@divisor                          cstackCOMRAM 000003
___param_bank                             (abs)        000000
___rparam_used                            (abs)        000001
___sp                                     stack        000000
___wmul                                   text47       0022EE
___wmul@multiplicand                      cstackCOMRAM 000003
___wmul@multiplier                        cstackCOMRAM 000001
___wmul@product                           cstackCOMRAM 000005
__accesstop                               (abs)        000060
__activetblptr                            (abs)        000002
__channel_pulses                          bssBANK0     0000BB
__end_of_EUSART2_Initialize               text18       002220
__end_of_EUSART2_Transmit_ISR             text61       00224E
__end_of_EUSART2_Write                    text5        00213C
__end_of_INTERRUPT_Initialize             text17       00246C
__end_of_INTERRUPT_InterruptManager       intcode      0000D8
__end_of_InitApp                          text19       00245C
__end_of_InitPort                         text20       001D5E
__end_of_OSCILLATOR_Initialize            text16       0023EC
__end_of_PIN_MANAGER_Initialize           text15       0020BE
__end_of_SYSTEM_Initialize                text8        0023B2
__end_of_TMR0_CallBack                    text56       00233A
__end_of_TMR0_DefaultInterruptHandler     text57       002470
__end_of_TMR0_ISR                         text55       002422
__end_of_TMR0_Initialize                  text12       002078
__end_of_TMR0_SetInterruptHandler         text14       002446
__end_of_TMR0_StartTimer                  text13       002468
__end_of_TMR2_DefaultInterruptHandler     text50       00246E
__end_of_TMR2_ISR                         text49       00235C
__end_of_TMR2_Initialize                  text9        0022C8
__end_of_TMR2_SetInterruptHandler         text11       00243C
__end_of_TMR2_StartTimer                  text10       002464
__end_of_WNOP                             text7        002460
__end_of___aldiv                          text40       001864
__end_of___almod                          text39       001910
__end_of___awdiv                          text48       001B74
__end_of___awmod                          text46       001E40
__end_of___lbdiv                          text45       0021EC
__end_of___lmul                           text41       002030
__end_of___lwmod                          text38       002100
__end_of___wmul                           text47       002314
__end_of__initialization                  cinit        001FCC
__end_of_array2char                       text6        001562
__end_of_asctime                          text43       000E6A
__end_of_button_input_isr                 text51       001276
__end_of_combineIO_KG_TEST                text3        0007AE
__end_of_combineIO_KG_Timer               text58       001CEA
__end_of_dylen                            text37       001F7C
__end_of_getInputPin                      text52       0019B4
__end_of_getTimeStemp                     text42       002410
__end_of_gmtime                           text36       00108A
__end_of_isalpha                          text29       0022A2
__end_of_isdigit                          text28       00237A
__end_of_isspace                          text27       0022EE
__end_of_isupper                          text30       002398
__end_of_localtime                        text35       001C70
__end_of_main                             text0        0016A4
__end_of_memset                           text34       00227A
__end_of_moninit                          mediumconst  007F0F
__end_of_pushOutput                       text2        001F18
__end_of_put2d                            text44       001EAE
__end_of_putUartStrings                   text4        001AF0
__end_of_readPort                         text54       002178
__end_of_readPortPin                      text53       001A56
__end_of_setTimeStemp                     text33       0023FE
__end_of_sprintf                          text32       001798
__end_of_strncmp                          text31       001BF2
__end_of_strtol                           text25       001418
__end_of_timeInit                         text1        0023C6
__end_of_time_isr                         text60       002432
__end_of_timer_mult_isr                   text59       002450
__end_of_toupper                          text26       0023DA
__end_of_uart_receiv_isr                  text22       000C40
__end_ofi2_EUSART2_Write                  text24       0021B2
__end_ofi2_putUartStrings                 text23       001DD0
__end_ofuart_receiv_isr@F7286             mediumconst  007F03
__initialization                          cinit        001F7C
__mediumconst                             mediumconst  007EEE
__pbssBANK0                               bssBANK0     0000B3
__pbssBANK1                               bssBANK1     000100
__pbssBANK2                               bssBANK2     000200
__pbssCOMRAM                              bssCOMRAM    00004F
__pcinit                                  cinit        001F7C
__pcstackBANK0                            cstackBANK0  000060
__pcstackBANK1                            cstackBANK1  0001CC
__pcstackCOMRAM                           cstackCOMRAM 000001
__pdataBANK0                              dataBANK0    0000F5
__pidataBANK0                             idataBANK0   002450
__pintcode                                intcode      000008
__pmediumconst                            mediumconst  007EEE
__ptext0                                  text0        001562
__ptext1                                  text1        0023B2
__ptext10                                 text10       002460
__ptext11                                 text11       002432
__ptext12                                 text12       002030
__ptext13                                 text13       002464
__ptext14                                 text14       00243C
__ptext15                                 text15       002078
__ptext16                                 text16       0023DA
__ptext17                                 text17       002468
__ptext18                                 text18       0021EC
__ptext19                                 text19       002456
__ptext2                                  text2        001EAE
__ptext20                                 text20       001CEA
__ptext22                                 text22       0007AE
__ptext23                                 text23       001D5E
__ptext24                                 text24       002178
__ptext25                                 text25       001276
__ptext26                                 text26       0023C6
__ptext27                                 text27       0022C8
__ptext28                                 text28       00235C
__ptext29                                 text29       00227A
__ptext3                                  text3        0000DC
__ptext30                                 text30       00237A
__ptext31                                 text31       001B74
__ptext32                                 text32       0016A4
__ptext33                                 text33       0023EC
__ptext34                                 text34       00224E
__ptext35                                 text35       001BF2
__ptext36                                 text36       000E6A
__ptext37                                 text37       001F18
__ptext38                                 text38       0020BE
__ptext39                                 text39       001864
__ptext4                                  text4        001A56
__ptext40                                 text40       001798
__ptext41                                 text41       001FDA
__ptext42                                 text42       0023FE
__ptext43                                 text43       000C40
__ptext44                                 text44       001E40
__ptext45                                 text45       0021B2
__ptext46                                 text46       001DD0
__ptext47                                 text47       0022EE
__ptext48                                 text48       001AF0
__ptext49                                 text49       00233A
__ptext5                                  text5        002100
__ptext50                                 text50       00246C
__ptext51                                 text51       00108A
__ptext52                                 text52       001910
__ptext53                                 text53       0019B4
__ptext54                                 text54       00213C
__ptext55                                 text55       002410
__ptext56                                 text56       002314
__ptext57                                 text57       00246E
__ptext58                                 text58       001C70
__ptext59                                 text59       002446
__ptext6                                  text6        001418
__ptext60                                 text60       002422
__ptext61                                 text61       002220
__ptext62                                 text62       000000
__ptext7                                  text7        00245C
__ptext8                                  text8        002398
__ptext9                                  text9        0022A2
__ramtop                                  ramtop       000600
__size_of_EUSART2_Initialize              (abs)        000000
__size_of_EUSART2_Transmit_ISR            (abs)        000000
__size_of_EUSART2_Write                   (abs)        000000
__size_of_INTERRUPT_Initialize            (abs)        000000
__size_of_INTERRUPT_InterruptManager      (abs)        000000
__size_of_InitApp                         (abs)        000000
__size_of_InitPort                        (abs)        000000
__size_of_OSCILLATOR_Initialize           (abs)        000000
__size_of_PIN_MANAGER_Initialize          (abs)        000000
__size_of_SYSTEM_Initialize               (abs)        000000
__size_of_TMR0_CallBack                   (abs)        000000
__size_of_TMR0_DefaultInterruptHandler    (abs)        000000
__size_of_TMR0_ISR                        (abs)        000000
__size_of_TMR0_Initialize                 (abs)        000000
__size_of_TMR0_SetInterruptHandler        (abs)        000000
__size_of_TMR0_StartTimer                 (abs)        000000
__size_of_TMR2_DefaultInterruptHandler    (abs)        000000
__size_of_TMR2_ISR                        (abs)        000000
__size_of_TMR2_Initialize                 (abs)        000000
__size_of_TMR2_SetInterruptHandler        (abs)        000000
__size_of_TMR2_StartTimer                 (abs)        000000
__size_of_WNOP                            (abs)        000000
__size_of___aldiv                         (abs)        000000
__size_of___almod                         (abs)        000000
__size_of___awdiv                         (abs)        000000
__size_of___awmod                         (abs)        000000
__size_of___lbdiv                         (abs)        000000
__size_of___lmul                          (abs)        000000
__size_of___lwmod                         (abs)        000000
__size_of___wmul                          (abs)        000000
__size_of_array2char                      (abs)        000000
__size_of_asctime                         (abs)        000000
__size_of_button_input_isr                (abs)        000000
__size_of_combineIO_KG_TEST               (abs)        000000
__size_of_combineIO_KG_Timer              (abs)        000000
__size_of_dylen                           (abs)        000000
__size_of_getInputPin                     (abs)        000000
__size_of_getTimeStemp                    (abs)        000000
__size_of_gmtime                          (abs)        000000
__size_of_isalpha                         (abs)        000000
__size_of_isdigit                         (abs)        000000
__size_of_isspace                         (abs)        000000
__size_of_isupper                         (abs)        000000
__size_of_localtime                       (abs)        000000
__size_of_main                            (abs)        000000
__size_of_memset                          (abs)        000000
__size_of_pushOutput                      (abs)        000000
__size_of_put2d                           (abs)        000000
__size_of_putUartStrings                  (abs)        000000
__size_of_readPort                        (abs)        000000
__size_of_readPortPin                     (abs)        000000
__size_of_setTimeStemp                    (abs)        000000
__size_of_sprintf                         (abs)        000000
__size_of_strncmp                         (abs)        000000
__size_of_strtol                          (abs)        000000
__size_of_timeInit                        (abs)        000000
__size_of_time_isr                        (abs)        000000
__size_of_timer_mult_isr                  (abs)        000000
__size_of_toupper                         (abs)        000000
__size_of_uart_receiv_isr                 (abs)        000000
__size_ofi2_EUSART2_Write                 (abs)        000000
__size_ofi2_putUartStrings                (abs)        000000
__smallconst                              smallconst   000000
_array2char                               text6        001418
_asctime                                  text43       000C40
_asctime$3948                             cstackCOMRAM 000024
_button_input_isr                         text51       00108A
_combineIO_KG_TEST                        text3        0000DC
_combineIO_KG_Timer                       text58       001C70
_dylen                                    text37       001F18
_eusart2RxBuffer                          bssBANK1     00014E
_eusart2RxCount                           bssCOMRAM    000053
_eusart2RxHead                            bssCOMRAM    000055
_eusart2RxTail                            bssCOMRAM    000054
_eusart2TxBuffer                          bssBANK2     000200
_eusart2TxBufferRemaining                 bssCOMRAM    000056
_eusart2TxHead                            bssCOMRAM    000058
_eusart2TxTail                            bssCOMRAM    000057
_getInputPin                              text52       001910
_getTimeStemp                             text42       0023FE
_gmtime                                   text36       000E6A
_isalpha                                  text29       00227A
_isalpha$3650                             cstackCOMRAM 000005
_isdigit                                  text28       00235C
_isdigit$3653                             cstackCOMRAM 000002
_isspace                                  text27       0022C8
_isspace$3656                             cstackCOMRAM 000002
_isupper                                  text30       00237A
_isupper$3659                             cstackCOMRAM 000002
_localtime                                text35       001BF2
_main                                     text0        001562
_memset                                   text34       00224E
_moninit                                  mediumconst  007F03
_netBufferGlobal                          bssBANK1     0001A4
_netBufferGlobal_new                      bssBANK1     000190
_outBufferGlobal                          bssBANK1     0001B8
_outBufferGlobal_new                      bssBANK1     000128
_pushOutput                               text2        001EAE
_put2d                                    text44       001E40
_putUartStrings                           text4        001A56
_readPort                                 text54       00213C
_readPortPin                              text53       0019B4
_setTimeStemp                             text33       0023EC
_sprintf                                  text32       0016A4
_strncmp                                  text31       001B74
_strtol                                   text25       001276
_t                                        bssBANK1     00013C
_timeInit                                 text1        0023B2
_time_isr                                 text60       002422
_time_zone                                bssCOMRAM    000051
_timer0ReloadVal                          bssBANK1     00016E
_timerInputBufferGlobal                   bssBANK1     000114
_timerUartBufferGlobal                    bssBANK1     000100
_timer_mult_isr                           text59       002446
_timestamp                                bssBANK0     0000C7
_timezone                                 bssBANK0     0000C3
_toupper                                  text26       0023C6
_uart_receiv_isr                          text22       0007AE
array2char@array                          cstackBANK1  0001CC
array2char@b2b                            cstackBANK1  0001CF
asctime@buf                               bssBANK1     000175
asctime@cp                                cstackCOMRAM 000027
asctime@s                                 cstackCOMRAM 000025
asctime@tim                               cstackCOMRAM 000022
btemp                                     temp         00005F
button_input_isr@x                        cstackCOMRAM 000007
combineIO_KG@Input_Old_Stored             bssCOMRAM    00005D
combineIO_KG@Uart_Old_Stored              bssCOMRAM    00005E
combineIO_KG_TEST@BLOCKED                 cstackBANK1  0001DB
combineIO_KG_TEST@FORCED                  cstackBANK1  0001DC
combineIO_KG_TEST@INPUT                   cstackBANK1  0001D9
combineIO_KG_TEST@INPUT_CHANGED           cstackBANK1  0001DA
combineIO_KG_TEST@Input_Old_Stored        bssBANK1     000173
combineIO_KG_TEST@UART                    cstackBANK1  0001E3
combineIO_KG_TEST@UART_NEW                cstackBANK1  0001D8
combineIO_KG_TEST@Uart_Old_Stored         bssBANK1     000174
combineIO_KG_TEST@tChanged                cstackBANK1  0001E6
combineIO_KG_TEST@tInput                  cstackBANK1  0001DF
combineIO_KG_TEST@tInput_Changed          cstackBANK1  0001E1
combineIO_KG_TEST@tOutput                 bssBANK1     000172
combineIO_KG_TEST@tTimerInput             cstackBANK1  0001E4
combineIO_KG_TEST@tTimerUart              cstackBANK1  0001E2
combineIO_KG_TEST@tUart                   cstackBANK1  0001E5
combineIO_KG_TEST@tUart_Changed           cstackBANK1  0001E0
combineIO_KG_TEST@tUart_New               cstackBANK1  0001E7
combineIO_TEST@INPUT_OLD                  bssCOMRAM    00005C
combineIO_TEST@count                      bssCOMRAM    00005A
combineIO_TEST@out                        bssCOMRAM    00005B
dylen@yr                                  cstackCOMRAM 000006
end_of_initialization                     cinit        001FCC
getInputPin@in                            cstackCOMRAM 000005
gmtime@tc                                 cstackCOMRAM 000014
gmtime@tim                                bssBANK0     0000E3
gmtime@tp                                 cstackCOMRAM 00000F
i2EUSART2_Write@txData                    cstackCOMRAM 000001
i2_EUSART2_Write                          text24       002178
i2_putUartStrings                         text23       001D5E
i2putUartStrings@i                        cstackCOMRAM 00000B
i2putUartStrings@len                      cstackCOMRAM 000004
i2putUartStrings@text                     cstackCOMRAM 000002
int$flags                                 temp         00005F
intlevel0                                 text         000000
intlevel1                                 text         000000
intlevel2                                 text         000000
intlevel3                                 text         000000
isalpha@c                                 cstackCOMRAM 000006
isdigit@c                                 cstackCOMRAM 000003
isspace@c                                 cstackCOMRAM 000003
isupper@c                                 cstackCOMRAM 000003
localtime@t                               cstackCOMRAM 00001E
localtime@tp                              cstackCOMRAM 000018
main@Data_Blocked                         cstackBANK1  0001EA
main@Data_Forced                          cstackBANK1  0001EB
main@Data_Input                           cstackBANK1  0001F2
main@Data_Input_compare                   cstackBANK1  0001ED
main@Data_Input_old                       cstackBANK1  0001EE
main@Data_Out                             cstackBANK1  0001F3
main@Data_Out_compare                     cstackBANK1  0001E8
main@Data_Out_old                         cstackBANK1  0001F0
main@UART_Input_compare                   cstackBANK1  0001E9
main@UART_Input_old                       cstackBANK1  0001EF
main@Uart_Input                           cstackBANK1  0001F1
main@Uart_New                             cstackBANK1  0001EC
memset@c                                  cstackCOMRAM 000003
memset@n                                  cstackCOMRAM 000005
memset@p                                  cstackCOMRAM 000007
memset@p1                                 cstackCOMRAM 000001
pushOutput@OUT                            cstackBANK1  0001CD
pushOutput@change                         cstackBANK1  0001CC
pushOutput@tOut                           cstackBANK1  0001CE
put2d@cl                                  cstackCOMRAM 00000C
put2d@cp                                  cstackCOMRAM 000009
put2d@ct                                  cstackCOMRAM 00000D
put2d@i                                   cstackCOMRAM 00000B
putUartStrings@i                          cstackBANK1  0001D6
putUartStrings@len                        cstackBANK1  0001CF
putUartStrings@text                       cstackBANK1  0001CD
readPort@Port                             cstackCOMRAM 000001
readPortPin@Pin                           cstackCOMRAM 000002
readPortPin@Port                          cstackCOMRAM 000003
readPortPin@data                          cstackCOMRAM 000004
setTimeStemp@time                         cstackCOMRAM 000001
sprintf@ap                                cstackCOMRAM 000030
sprintf@c                                 cstackCOMRAM 000032
sprintf@cp                                cstackCOMRAM 000033
sprintf@f                                 cstackCOMRAM 00002B
sprintf@flag                              cstackCOMRAM 00002F
sprintf@sp                                cstackCOMRAM 000029
stackhi                                   (abs)        0005FF
stacklo                                   (abs)        000268
start                                     init         0000D8
start_initialization                      cinit        001F7C
strncmp@len                               cstackCOMRAM 000005
strncmp@s1                                cstackCOMRAM 000001
strncmp@s2                                cstackCOMRAM 000003
strtol@a                                  cstackCOMRAM 000018
strtol@base                               cstackCOMRAM 000011
strtol@c                                  cstackCOMRAM 00001C
strtol@endptr                             cstackCOMRAM 00000F
strtol@s                                  cstackCOMRAM 00000D
strtol@sign                               cstackCOMRAM 000017
toupper@c                                 cstackCOMRAM 000001
uart_receiv_isr@BEFEHL_SET_GREEN          cstackBANK0  00009F
uart_receiv_isr@BEFEHL_SET_WHITE          cstackBANK0  00009C
uart_receiv_isr@ETX                       cstackBANK0  0000AE
uart_receiv_isr@F7286                     mediumconst  007EEF
uart_receiv_isr@F7296                     dataBANK0    0000F8
uart_receiv_isr@F7298                     dataBANK0    0000F5
uart_receiv_isr@F7300                     bssBANK2     000240
uart_receiv_isr@SEPERATOR                 cstackBANK0  0000A2
uart_receiv_isr@STX                       cstackBANK0  0000AD
uart_receiv_isr@aa                        cstackBANK0  0000A5
uart_receiv_isr@aa_1749                   cstackBANK0  0000A3
uart_receiv_isr@buff                      cstackBANK0  0000B1
uart_receiv_isr@buff_ended                cstackBANK0  0000AF
uart_receiv_isr@buff_len                  bssBANK0     0000CB
uart_receiv_isr@emty_buff                 cstackBANK0  000060
uart_receiv_isr@in_buff                   bssBANK0     0000CF
uart_receiv_isr@len                       bssBANK0     0000CD
uart_receiv_isr@number                    cstackBANK0  0000A9
uart_receiv_isr@text                      cstackBANK0  000074
wtemp6                                    temp         000060


FUNCTION INFORMATION:

 *************** function _main *****************
 Defined at:
		line 51 in file "app_h8_kg_main.c"
 Parameters:    Size  Location     Type
		None
 Auto vars:     Size  Location     Type
  Data_Out        1   39[BANK1 ] unsigned char 
  Data_Input      1   38[BANK1 ] unsigned char 
  Uart_Input      1   37[BANK1 ] unsigned char 
  Data_Out_old    1   36[BANK1 ] unsigned char 
  UART_Input_o    1   35[BANK1 ] unsigned char 
  Data_Input_o    1   34[BANK1 ] unsigned char 
  Data_Input_c    1   33[BANK1 ] unsigned char 
  Uart_New        1   32[BANK1 ] unsigned char 
  Data_Forced     1   31[BANK1 ] unsigned char 
  Data_Blocked    1   30[BANK1 ] unsigned char 
  UART_Input_c    1   29[BANK1 ] unsigned char 
  Data_Out_com    1   28[BANK1 ] unsigned char 
 Return value:  Size  Location     Type
                  1    wreg      void 
 Registers used:
		wreg, fsr1l, fsr1h, fsr2l, fsr2h, status,2, status,0, tblptrl, tblptrh, tblptru, prodl, prodh, cstack
 Tracked objects:
		On entry : 
		On exit  : 
		Unchanged: 
 Data sizes:     COMRAM   BANK0   BANK1   BANK2   BANK3   BANK4   BANK5
      Params:         0       0       0       0       0       0       0
      Locals:         0       0      12       0       0       0       0
      Temps:          0       0       0       0       0       0       0
      Totals:         0       0      12       0       0       0       0
Total ram usage:       12 bytes
 Hardware stack levels required when called:    9
 This function calls:
		_EUSART2_Initialize
		_INTERRUPT_Initialize
		_InitApp
		_OSCILLATOR_Initialize
		_SYSTEM_Initialize
		_TMR0_Initialize
		_TMR0_SetInterruptHandler
		_TMR2_Initialize
		_TMR2_SetInterruptHandler
		_WNOP
		_array2char
		_combineIO_KG_TEST
		_pushOutput
		_timeInit
 This function is called by:
		Startup code after reset
 This function uses a non-reentrant model


 *************** function _timeInit *****************
 Defined at:
		line 21 in file "timeStemp.c"
 Parameters:    Size  Location     Type
		None
 Auto vars:     Size  Location     Type
		None
 Return value:  Size  Location     Type
                  1    wreg      void 
 Registers used:
		wreg, status,2
 Tracked objects:
		On entry : 
		On exit  : 
		Unchanged: 
 Data sizes:     COMRAM   BANK0   BANK1   BANK2   BANK3   BANK4   BANK5
      Params:         0       0       0       0       0       0       0
      Locals:         0       0       0       0       0       0       0
      Temps:          0       0       0       0       0       0       0
      Totals:         0       0       0       0       0       0       0
Total ram usage:        0 bytes
 Hardware stack levels used:    1
 Hardware stack levels required when called:    6
 This function calls:
		Nothing
 This function is called by:
		_main
 This function uses a non-reentrant model


 *************** function _pushOutput *****************
 Defined at:
		line 6 in file "board_interface.c"
 Parameters:    Size  Location     Type
  OUT             1    wreg     unsigned char 
  change          1    0[BANK1 ] unsigned char 
 Auto vars:     Size  Location     Type
  OUT             1    1[BANK1 ] unsigned char 
  tOut            1    2[BANK1 ] struct bit_byte
 Return value:  Size  Location     Type
                  1    wreg      void 
 Registers used:
		wreg
 Tracked objects:
		On entry : 
		On exit  : 
		Unchanged: 
 Data sizes:     COMRAM   BANK0   BANK1   BANK2   BANK3   BANK4   BANK5
      Params:         0       0       1       0       0       0       0
      Locals:         0       0       2       0       0       0       0
      Temps:          0       0       0       0       0       0       0
      Totals:         0       0       3       0       0       0       0
Total ram usage:        3 bytes
 Hardware stack levels used:    1
 Hardware stack levels required when called:    6
 This function calls:
		Nothing
 This function is called by:
		_main
		_old_main
 This function uses a non-reentrant model


 *************** function _combineIO_KG_TEST *****************
 Defined at:
		line 164 in file "app_h8_kg_mapIO.c"
 Parameters:    Size  Location     Type
  UART            1    wreg     unsigned char 
  UART_NEW        1   12[BANK1 ] unsigned char 
  INPUT           1   13[BANK1 ] unsigned char 
  INPUT_CHANGE    1   14[BANK1 ] unsigned char 
  BLOCKED         1   15[BANK1 ] unsigned char 
  FORCED          1   16[BANK1 ] unsigned char 
 Auto vars:     Size  Location     Type
  UART            1   23[BANK1 ] unsigned char 
  tUart_New       1   27[BANK1 ] struct bit_byte
  tChanged        1   26[BANK1 ] struct bit_byte
  tUart           1   25[BANK1 ] struct bit_byte
  tTimerInput     1   24[BANK1 ] struct bit_byte
  tTimerUart      1   22[BANK1 ] struct bit_byte
  tInput_Chang    1   21[BANK1 ] struct bit_byte
  tUart_Change    1   20[BANK1 ] struct bit_byte
  tInput          1   19[BANK1 ] struct bit_byte
 Return value:  Size  Location     Type
                  1    wreg      unsigned char 
 Registers used:
		wreg, fsr1l, fsr1h, fsr2l, fsr2h, status,2, status,0, tblptrl, tblptrh, tblptru, prodl, prodh, cstack
 Tracked objects:
		On entry : 
		On exit  : 
		Unchanged: 
 Data sizes:     COMRAM   BANK0   BANK1   BANK2   BANK3   BANK4   BANK5
      Params:         0       0       5       0       0       0       0
      Locals:         0       0       9       0       0       0       0
      Temps:          0       0       2       0       0       0       0
      Totals:         0       0      16       0       0       0       0
Total ram usage:       16 bytes
 Hardware stack levels used:    1
 Hardware stack levels required when called:    8
 This function calls:
		_putUartStrings
 This function is called by:
		_main
		_old_main
 This function uses a non-reentrant model


 *************** function _putUartStrings *****************
 Defined at:
		line 4 in file "uartString.c"
 Parameters:    Size  Location     Type
  text            2    1[BANK1 ] PTR unsigned char 
		 -> uart_receiv_isr@text(40), STR_25(9), STR_23(9), STR_21(9), 
		 -> STR_19(9), STR_17(9), STR_15(9), STR_13(9), 
		 -> STR_11(9), STR_9(9), STR_7(9), STR_5(9), 
		 -> STR_3(9), STR_1(9), 
  len             2    3[BANK1 ] int 
 Auto vars:     Size  Location     Type
  i               2   10[BANK1 ] int 
 Return value:  Size  Location     Type
                  1    wreg      void 
 Registers used:
		wreg, fsr1l, fsr1h, fsr2l, fsr2h, status,2, status,0, tblptrl, tblptrh, tblptru, prodl, prodh, cstack
 Tracked objects:
		On entry : 
		On exit  : 
		Unchanged: 
 Data sizes:     COMRAM   BANK0   BANK1   BANK2   BANK3   BANK4   BANK5
      Params:         0       0       4       0       0       0       0
      Locals:         0       0       2       0       0       0       0
      Temps:          0       0       5       0       0       0       0
      Totals:         0       0      11       0       0       0       0
Total ram usage:       11 bytes
 Hardware stack levels used:    1
 Hardware stack levels required when called:    7
 This function calls:
		_EUSART2_Write
 This function is called by:
		_combineIO_KG_TEST
 This function uses a non-reentrant model


 *************** function _EUSART2_Write *****************
 Defined at:
		line 132 in file "mcc_generated_files/eusart2.c"
 Parameters:    Size  Location     Type
  txData          1    wreg     unsigned char 
 Auto vars:     Size  Location     Type
  txData          1    0[BANK1 ] unsigned char 
 Return value:  Size  Location     Type
                  1    wreg      void 
 Registers used:
		wreg, fsr2l, fsr2h, status,2, status,0, prodl, prodh
 Tracked objects:
		On entry : 
		On exit  : 
		Unchanged: 
 Data sizes:     COMRAM   BANK0   BANK1   BANK2   BANK3   BANK4   BANK5
      Params:         0       0       0       0       0       0       0
      Locals:         0       0       1       0       0       0       0
      Temps:          0       0       0       0       0       0       0
      Totals:         0       0       1       0       0       0       0
Total ram usage:        1 bytes
 Hardware stack levels used:    1
 Hardware stack levels required when called:    6
 This function calls:
		Nothing
 This function is called by:
		_putUartStrings
 This function uses a non-reentrant model


 *************** function _array2char *****************
 Defined at:
		line 12 in file "data_types.c"
 Parameters:    Size  Location     Type
  array           2    0[BANK1 ] PTR int 
		 -> netBufferGlobal(20), outBufferGlobal(20), netBufferGlobal_new(20), 
 Auto vars:     Size  Location     Type
  b2b             1    3[BANK1 ] struct bit_byte
 Return value:  Size  Location     Type
                  1    wreg      unsigned char 
 Registers used:
		wreg, fsr2l, fsr2h, status,2, status,0
 Tracked objects:
		On entry : 
		On exit  : 
		Unchanged: 
 Data sizes:     COMRAM   BANK0   BANK1   BANK2   BANK3   BANK4   BANK5
      Params:         0       0       2       0       0       0       0
      Locals:         0       0       1       0       0       0       0
      Temps:          0       0       1       0       0       0       0
      Totals:         0       0       4       0       0       0       0
Total ram usage:        4 bytes
 Hardware stack levels used:    1
 Hardware stack levels required when called:    6
 This function calls:
		Nothing
 This function is called by:
		_main
		_old_main
 This function uses a non-reentrant model


 *************** function _WNOP *****************
 Defined at:
		line 229 in file "hadware_interface.c"
 Parameters:    Size  Location     Type
[...]
Total ram usage:        0 bytes
 Hardware stack levels used:    1
 Hardware stack levels required when called:    4
 This function calls:
		Absolute function
		_TMR2_DefaultInterruptHandler
		_button_input_isr
 This function is called by:
		_INTERRUPT_InterruptManager
 This function uses a non-reentrant model


 *************** function _TMR2_DefaultInterruptHandler *****************
 Defined at:
		line 138 in file "mcc_generated_files/tmr2.c"
 Parameters:    Size  Location     Type
		None
 Auto vars:     Size  Location     Type
		None
 Return value:  Size  Location     Type
                  1    wreg      void 
 Registers used:
		None
 Tracked objects:
		On entry : 
		On exit  : 
		Unchanged: 
 Data sizes:     COMRAM   BANK0   BANK1   BANK2   BANK3   BANK4   BANK5
      Params:         0       0       0       0       0       0       0
      Locals:         0       0       0       0       0       0       0
      Temps:          0       0       0       0       0       0       0
      Totals:         0       0       0       0       0       0       0
Total ram usage:        0 bytes
 Hardware stack levels used:    1
 This function calls:
		Nothing
 This function is called by:
		_TMR2_Initialize
		_TMR2_ISR
 This function uses a non-reentrant model


 *************** function _button_input_isr *****************
 Defined at:
		line 52 in file "button_input_isr.c"
 Parameters:    Size  Location     Type
		None
 Auto vars:     Size  Location     Type
  x               2    6[COMRAM] int 
 Return value:  Size  Location     Type
                  1    wreg      void 
 Registers used:
		wreg, fsr1l, fsr1h, fsr2l, fsr2h, status,2, status,0, cstack
 Tracked objects:
		On entry : 
		On exit  : 
		Unchanged: 
 Data sizes:     COMRAM   BANK0   BANK1   BANK2   BANK3   BANK4   BANK5
      Params:         0       0       0       0       0       0       0
      Locals:         2       0       0       0       0       0       0
      Temps:          1       0       0       0       0       0       0
      Totals:         3       0       0       0       0       0       0
Total ram usage:        3 bytes
 Hardware stack levels used:    1
 Hardware stack levels required when called:    3
 This function calls:
		_getInputPin
 This function is called by:
		_main
		_old_main
		_TMR2_ISR
 This function uses a non-reentrant model


 *************** function _getInputPin *****************
 Defined at:
		line 28 in file "board_interface.c"
 Parameters:    Size  Location     Type
  in              1    wreg     unsigned char 
 Auto vars:     Size  Location     Type
  in              1    4[COMRAM] unsigned char 
 Return value:  Size  Location     Type
                  1    wreg      unsigned char 
 Registers used:
		wreg, status,2, status,0, cstack
 Tracked objects:
		On entry : 
		On exit  : 
		Unchanged: 
 Data sizes:     COMRAM   BANK0   BANK1   BANK2   BANK3   BANK4   BANK5
      Params:         0       0       0       0       0       0       0
      Locals:         1       0       0       0       0       0       0
      Temps:          0       0       0       0       0       0       0
      Totals:         1       0       0       0       0       0       0
Total ram usage:        1 bytes
 Hardware stack levels used:    1
 Hardware stack levels required when called:    2
 This function calls:
		_readPortPin
 This function is called by:
		_button_input_isr
 This function uses a non-reentrant model


 *************** function _readPortPin *****************
 Defined at:
		line 21 in file "hadware_interface.c"
 Parameters:    Size  Location     Type
  Port            1    wreg     unsigned char 
  Pin             1    1[COMRAM] unsigned char 
 Auto vars:     Size  Location     Type
  Port            1    2[COMRAM] unsigned char 
  data            1    3[COMRAM] struct bit_byte
 Return value:  Size  Location     Type
                  1    wreg      unsigned char 
 Registers used:
		wreg, status,2, status,0, cstack
 Tracked objects:
		On entry : 
		On exit  : 
		Unchanged: 
 Data sizes:     COMRAM   BANK0   BANK1   BANK2   BANK3   BANK4   BANK5
      Params:         1       0       0       0       0       0       0
      Locals:         2       0       0       0       0       0       0
      Temps:          0       0       0       0       0       0       0
      Totals:         3       0       0       0       0       0       0
Total ram usage:        3 bytes
 Hardware stack levels used:    1
 Hardware stack levels required when called:    1
 This function calls:
		_readPort
 This function is called by:
		_getInputPin
 This function uses a non-reentrant model


 *************** function _readPort *****************
 Defined at:
		line 7 in file "hadware_interface.c"
 Parameters:    Size  Location     Type
  Port            1    wreg     unsigned char 
 Auto vars:     Size  Location     Type
  Port            1    0[COMRAM] unsigned char 
 Return value:  Size  Location     Type
                  1    wreg      unsigned char 
 Registers used:
		wreg, status,2, status,0
 Tracked objects:
		On entry : 
		On exit  : 
		Unchanged: 
 Data sizes:     COMRAM   BANK0   BANK1   BANK2   BANK3   BANK4   BANK5
      Params:         0       0       0       0       0       0       0
      Locals:         1       0       0       0       0       0       0
      Temps:          0       0       0       0       0       0       0
      Totals:         1       0       0       0       0       0       0
Total ram usage:        1 bytes
 Hardware stack levels used:    1
 This function calls:
		Nothing
 This function is called by:
		_readPortPin
		_readPortNippel
 This function uses a non-reentrant model


 *************** function _TMR0_ISR *****************
 Defined at:
		line 134 in file "mcc_generated_files/tmr0.c"
 Parameters:    Size  Location     Type
		None
 Auto vars:     Size  Location     Type
		None
 Return value:  Size  Location     Type
                  1    wreg      void 
 Registers used:
		wreg, status,2, status,0, pclath, tosl, cstack
 Tracked objects:
		On entry : 
		On exit  : 
		Unchanged: 
 Data sizes:     COMRAM   BANK0   BANK1   BANK2   BANK3   BANK4   BANK5
      Params:         0       0       0       0       0       0       0
      Locals:         0       0       0       0       0       0       0
      Temps:          0       0       0       0       0       0       0
      Totals:         0       0       0       0       0       0       0
Total ram usage:        0 bytes
 Hardware stack levels used:    1
 Hardware stack levels required when called:    3
 This function calls:
		_TMR0_CallBack
 This function is called by:
		_INTERRUPT_InterruptManager
 This function uses a non-reentrant model


 *************** function _TMR0_CallBack *****************
 Defined at:
		line 152 in file "mcc_generated_files/tmr0.c"
 Parameters:    Size  Location     Type
		None
 Auto vars:     Size  Location     Type
		None
 Return value:  Size  Location     Type
                  1    wreg      void 
 Registers used:
		wreg, status,2, status,0, pclath, tosl, cstack
 Tracked objects:
		On entry : 
		On exit  : 
		Unchanged: 
 Data sizes:     COMRAM   BANK0   BANK1   BANK2   BANK3   BANK4   BANK5
      Params:         0       0       0       0       0       0       0
      Locals:         0       0       0       0       0       0       0
      Temps:          0       0       0       0       0       0       0
      Totals:         0       0       0       0       0       0       0
Total ram usage:        0 bytes
 Hardware stack levels used:    1
 Hardware stack levels required when called:    2
 This function calls:
		Absolute function
		_TMR0_DefaultInterruptHandler
		_combineIO_KG_Timer
		_timer_mult_isr
 This function is called by:
		_TMR0_ISR
 This function uses a non-reentrant model


 *************** function _TMR0_DefaultInterruptHandler *****************
 Defined at:
		line 166 in file "mcc_generated_files/tmr0.c"
 Parameters:    Size  Location     Type
		None
 Auto vars:     Size  Location     Type
		None
 Return value:  Size  Location     Type
                  1    wreg      void 
 Registers used:
		None
 Tracked objects:
		On entry : 
		On exit  : 
		Unchanged: 
 Data sizes:     COMRAM   BANK0   BANK1   BANK2   BANK3   BANK4   BANK5
      Params:         0       0       0       0       0       0       0
      Locals:         0       0       0       0       0       0       0
      Temps:          0       0       0       0       0       0       0
      Totals:         0       0       0       0       0       0       0
Total ram usage:        0 bytes
 Hardware stack levels used:    1
 This function calls:
		Nothing
 This function is called by:
		_TMR0_Initialize
		_TMR0_CallBack
 This function uses a non-reentrant model


 *************** function _combineIO_KG_Timer *****************
 Defined at:
		line 73 in file "app_h8_kg_mapIO.c"
 Parameters:    Size  Location     Type
		None
 Auto vars:     Size  Location     Type
		None
 Return value:  Size  Location     Type
                  1    wreg      void 
 Registers used:
		wreg, status,2, status,0
 Tracked objects:
		On entry : 
		On exit  : 
		Unchanged: 
 Data sizes:     COMRAM   BANK0   BANK1   BANK2   BANK3   BANK4   BANK5
      Params:         0       0       0       0       0       0       0
      Locals:         0       0       0       0       0       0       0
      Temps:          0       0       0       0       0       0       0
      Totals:         0       0       0       0       0       0       0
Total ram usage:        0 bytes
 Hardware stack levels used:    1
 This function calls:
		Nothing
 This function is called by:
		_timer_mult_isr
		_old_main
		_TMR0_CallBack
 This function uses a non-reentrant model


 *************** function _timer_mult_isr *****************
 Defined at:
		line 138 in file "app_h8_kg_main.c"
 Parameters:    Size  Location     Type
		None
 Auto vars:     Size  Location     Type
		None
 Return value:  Size  Location     Type
                  1    wreg      void 
 Registers used:
		wreg, status,2, status,0, cstack
 Tracked objects:
		On entry : 
		On exit  : 
		Unchanged: 
 Data sizes:     COMRAM   BANK0   BANK1   BANK2   BANK3   BANK4   BANK5
      Params:         0       0       0       0       0       0       0
      Locals:         0       0       0       0       0       0       0
      Temps:          0       0       0       0       0       0       0
      Totals:         0       0       0       0       0       0       0
Total ram usage:        0 bytes
 Hardware stack levels used:    1
 Hardware stack levels required when called:    1
 This function calls:
		_combineIO_KG_Timer
		_time_isr
 This function is called by:
		_main
		_TMR0_CallBack
 This function uses a non-reentrant model


 *************** function _time_isr *****************
 Defined at:
		line 6 in file "timeStemp.c"
 Parameters:    Size  Location     Type
		None
 Auto vars:     Size  Location     Type
		None
 Return value:  Size  Location     Type
                  1    wreg      void 
 Registers used:
		wreg, status,2, status,0
 Tracked objects:
		On entry : 
		On exit  : 
		Unchanged: 
 Data sizes:     COMRAM   BANK0   BANK1   BANK2   BANK3   BANK4   BANK5
      Params:         0       0       0       0       0       0       0
      Locals:         0       0       0       0       0       0       0
      Temps:          0       0       0       0       0       0       0
      Totals:         0       0       0       0       0       0       0
Total ram usage:        0 bytes
 Hardware stack levels used:    1
 This function calls:
		Nothing
 This function is called by:
		_timer_mult_isr
 This function uses a non-reentrant model


 *************** function _EUSART2_Transmit_ISR *****************
 Defined at:
		line 155 in file "mcc_generated_files/eusart2.c"
 Parameters:    Size  Location     Type
		None
 Auto vars:     Size  Location     Type
		None
 Return value:  Size  Location     Type
                  1    wreg      void 
 Registers used:
		wreg, fsr2l, fsr2h, status,2, status,0, prodl, prodh
 Tracked objects:
		On entry : 
		On exit  : 
		Unchanged: 
 Data sizes:     COMRAM   BANK0   BANK1   BANK2   BANK3   BANK4   BANK5
      Params:         0       0       0       0       0       0       0
      Locals:         0       0       0       0       0       0       0
      Temps:          0       0       0       0       0       0       0
      Totals:         0       0       0       0       0       0       0
Total ram usage:        0 bytes
 Hardware stack levels used:    1
 This function calls:
		Nothing
 This function is called by:
		_INTERRUPT_InterruptManager
 This function uses a non-reentrant model



MODULE INFORMATION

Module		Function		Class		Link	Load	Size
mcc_generated_files/eusart2.c
		_EUSART2_Write 		CODE           	2100	0000	61
		_EUSART2_Transmit_ISR		CODE           	2220	0000	47
		_EUSART2_Initialize		CODE           	21EC	0000	53

mcc_generated_files/eusart2.c estimated size: 161

C:\Program Files (x86)\Microchip\xc8\v1.43\sources\common\Umul32.c
		___lmul        		CODE           	1FDA	0000	87

C:\Program Files (x86)\Microchip\xc8\v1.43\sources\common\Umul32.c estimated size: 87

C:\Program Files (x86)\Microchip\xc8\v1.43\sources\common\isdigit.c
		_isdigit       		CODE           	235C	0000	31

C:\Program Files (x86)\Microchip\xc8\v1.43\sources\common\isdigit.c estimated size: 31

mcc_generated_files/tmr2.c
		_TMR2_ISR      		CODE           	233A	0000	35
		_TMR2_Initialize		CODE           	22A2	0000	39
		_TMR2_SetInterruptHandler		CODE           	2432	0000	11
		_TMR2_DefaultInterruptHandler		CODE           	246C	0000	3
		_TMR2_StartTimer		CODE           	2460	0000	5

mcc_generated_files/tmr2.c estimated size: 93

mcc_generated_files/interrupt_manager.c
		_INTERRUPT_Initialize		CODE           	2468	0000	5
		_INTERRUPT_InterruptManager		CODE           	0008	0000	209

mcc_generated_files/interrupt_manager.c estimated size: 214

C:\Program Files (x86)\Microchip\xc8\v1.43\sources\common\almod.c
		___almod       		CODE           	1864	0000	173

C:\Program Files (x86)\Microchip\xc8\v1.43\sources\common\almod.c estimated size: 173

mcc_generated_files/tmr0.c
		_TMR0_SetInterruptHandler		CODE           	243C	0000	11
		_TMR0_DefaultInterruptHandler		CODE           	246E	0000	3
		_TMR0_CallBack 		CODE           	2314	0000	39
		_TMR0_StartTimer		CODE           	2464	0000	5
		_TMR0_ISR      		CODE           	2410	0000	19
		_TMR0_Initialize		CODE           	2030	0000	73

mcc_generated_files/tmr0.c estimated size: 150

C:\Program Files (x86)\Microchip\xc8\v1.43\sources\common\awdiv.c
		___awdiv       		CODE           	1AF0	0000	133

C:\Program Files (x86)\Microchip\xc8\v1.43\sources\common\awdiv.c estimated size: 133

app_h8_kg_main.c
		_main          		CODE           	1562	0000	323
		_timer_mult_isr		CODE           	2446	0000	11

app_h8_kg_main.c estimated size: 334

mcc_generated_files/pin_manager.c
		_PIN_MANAGER_Initialize		CODE           	2078	0000	71

mcc_generated_files/pin_manager.c estimated size: 71

app_h8_kg_mapIO.c
		_combineIO_KG_Timer		CODE           	1C70	0000	123
		_combineIO_KG_TEST		CODE           	00DC	0000	1747

app_h8_kg_mapIO.c estimated size: 1870

C:\Program Files (x86)\Microchip\xc8\v1.43\sources\common\memset.c
		_memset        		CODE           	224E	0000	45

C:\Program Files (x86)\Microchip\xc8\v1.43\sources\common\memset.c estimated size: 45

C:\Program Files (x86)\Microchip\xc8\v1.43\sources\common\ctime.c
		_gmtime        		CODE           	0E6A	0000	545
		_localtime     		CODE           	1BF2	0000	127
		_dylen         		CODE           	1F18	0000	101

C:\Program Files (x86)\Microchip\xc8\v1.43\sources\common\ctime.c estimated size: 773

C:\Program Files (x86)\Microchip\xc8\v1.43\sources\common\strtol.c
		_strtol        		CODE           	1276	0000	419

C:\Program Files (x86)\Microchip\xc8\v1.43\sources\common\strtol.c estimated size: 419

uart_isr.c
		_uart_receiv_isr		CODE           	07AE	0000	1171

uart_isr.c estimated size: 1171

data_types.c
		_array2char    		CODE           	1418	0000	331

data_types.c estimated size: 331

C:\Program Files (x86)\Microchip\xc8\v1.43\sources\common\doprnt.c
		_sprintf       		CODE           	16A4	0000	245

C:\Program Files (x86)\Microchip\xc8\v1.43\sources\common\doprnt.c estimated size: 245

uartString.c
		_putUartStrings		CODE           	1A56	0000	155

uartString.c estimated size: 155

C:\Program Files (x86)\Microchip\xc8\v1.43\sources\common\aldiv.c
		___aldiv       		CODE           	1798	0000	205

C:\Program Files (x86)\Microchip\xc8\v1.43\sources\common\aldiv.c estimated size: 205

board_interface.c
		_pushOutput    		CODE           	1EAE	0000	107
		_getInputPin   		CODE           	1910	0000	165

board_interface.c estimated size: 272

C:\Program Files (x86)\Microchip\xc8\v1.43\sources\common\isupper.c
		_isupper       		CODE           	237A	0000	31

C:\Program Files (x86)\Microchip\xc8\v1.43\sources\common\isupper.c estimated size: 31

shared
		_moninit       		MEDIUMCONST    	7F03	0000	13
		__initialization		CODE           	1F7C	0000	81
		i2_EUSART2_Write		CODE           	2178	0000	59
		i2_putUartStrings		CODE           	1D5E	0000	115
		uart_receiv_isr@F7286		MEDIUMCONST    	7EEF	0000	21

shared estimated size: 289

C:\Program Files (x86)\Microchip\xc8\v1.43\sources\common\lbdiv.c
		___lbdiv       		CODE           	21B2	0000	59

C:\Program Files (x86)\Microchip\xc8\v1.43\sources\common\lbdiv.c estimated size: 59

mcc_generated_files/mcc.c
		_OSCILLATOR_Initialize		CODE           	23DA	0000	19
		_SYSTEM_Initialize		CODE           	2398	0000	27

mcc_generated_files/mcc.c estimated size: 46

timeStemp.c
		_time_isr      		CODE           	2422	0000	17
		_timeInit      		CODE           	23B2	0000	21
		_getTimeStemp  		CODE           	23FE	0000	19
		_setTimeStemp  		CODE           	23EC	0000	19

timeStemp.c estimated size: 76

C:\Program Files (x86)\Microchip\xc8\v1.43\sources\common\asctime.c
		_put2d         		CODE           	1E40	0000	111
		_asctime       		CODE           	0C40	0000	555

C:\Program Files (x86)\Microchip\xc8\v1.43\sources\common\asctime.c estimated size: 666

C:\Program Files (x86)\Microchip\xc8\v1.43\sources\common\strncmp.c
		_strncmp       		CODE           	1B74	0000	127

C:\Program Files (x86)\Microchip\xc8\v1.43\sources\common\strncmp.c estimated size: 127

user.c
		_InitPort      		CODE           	1CEA	0000	117
		_InitApp       		CODE           	2456	0000	7

user.c estimated size: 124

C:\Program Files (x86)\Microchip\xc8\v1.43\sources\common\Umul16.c
		___wmul        		CODE           	22EE	0000	39

C:\Program Files (x86)\Microchip\xc8\v1.43\sources\common\Umul16.c estimated size: 39

button_input_isr.c
		_button_input_isr		CODE           	108A	0000	493

button_input_isr.c estimated size: 493

C:\Program Files (x86)\Microchip\xc8\v1.43\sources\common\toupper.c
		_toupper       		CODE           	23C6	0000	21

C:\Program Files (x86)\Microchip\xc8\v1.43\sources\common\toupper.c estimated size: 21

C:\Program Files (x86)\Microchip\xc8\v1.43\sources\common\isalpha.c
		_isalpha       		CODE           	227A	0000	41

C:\Program Files (x86)\Microchip\xc8\v1.43\sources\common\isalpha.c estimated size: 41

C:\Program Files (x86)\Microchip\xc8\v1.43\sources\common\lwmod.c
		___lwmod       		CODE           	20BE	0000	67

C:\Program Files (x86)\Microchip\xc8\v1.43\sources\common\lwmod.c estimated size: 67

C:\Program Files (x86)\Microchip\xc8\v1.43\sources\common\isspace.c
		_isspace       		CODE           	22C8	0000	39

C:\Program Files (x86)\Microchip\xc8\v1.43\sources\common\isspace.c estimated size: 39

C:\Program Files (x86)\Microchip\xc8\v1.43\sources\common\awmod.c
		___awmod       		CODE           	1DD0	0000	113

C:\Program Files (x86)\Microchip\xc8\v1.43\sources\common\awmod.c estimated size: 113

hadware_interface.c
		_readPort      		CODE           	213C	0000	61
		_readPortPin   		CODE           	19B4	0000	163
		_WNOP          		CODE           	245C	0000	5

hadware_interface.c estimated size: 229

